###############################################################################
#                                                                             #
# IAR C/C++ Compiler V5.60.5.50814/W32 for MSP430       01/Apr/2014  22:39:06 #
# Copyright 1996-2013 IAR Systems AB.                                         #
#                                                                             #
#    __rt_version  =  3                                                       #
#    __double_size =  32                                                      #
#    __reg_r4      =  free                                                    #
#    __reg_r5      =  free                                                    #
#    __pic         =  no                                                      #
#    __core        =  430X                                                    #
#    __data_model  =  small                                                   #
#    Source file   =  C:\Users\Nathan\Documents\GitHub\ece306-gps-receiver\gp #
#                     s.c                                                     #
#    Command line  =  C:\Users\Nathan\Documents\GitHub\ece306-gps-receiver\gp #
#                     s.c -lC C:\Users\Nathan\Documents\GitHub\ece306-gps-rec #
#                     eiver\Debug\List\ -o C:\Users\Nathan\Documents\GitHub\e #
#                     ce306-gps-receiver\Debug\Obj\ --no_cse --no_unroll      #
#                     --no_inline --no_code_motion --no_tbaa --debug          #
#                     -D__MSP430FR5739__ -e --double=32 --dlib_config         #
#                     "C:\Program Files (x86)\IAR Systems\Embedded Workbench  #
#                     6.5\430\LIB\DLIB\dl430xsfn.h" --core=430X               #
#                     --data_model=small -Ol --multiplier=32                  #
#                     --multiplier_location=4C0 --hw_workaround=CPU40         #
#    List file     =  C:\Users\Nathan\Documents\GitHub\ece306-gps-receiver\De #
#                     bug\List\gps.lst                                        #
#    Object file   =  C:\Users\Nathan\Documents\GitHub\ece306-gps-receiver\De #
#                     bug\Obj\gps.r43                                         #
#                                                                             #
#                                                                             #
###############################################################################

C:\Users\Nathan\Documents\GitHub\ece306-gps-receiver\gps.c
      1          #include "msp430.h"
      2          #include "macros.h"
      3          #include "functions.h"


 

 


Errors: none
Warnings: none
